2026-08-22 08:45:45.706: [INFO] CurrentProfilePath: C:\Users\santh\pratice\.metadata\.plugins\org.eclipse.swt\EBWebView\Default
2026-08-22 08:45:45.706: [INFO] Profiles total count: 1
2026-08-22 08:45:45.706: [INFO] Profile: name=Profile 1 path=C:\Users\santh\pratice\.metadata\.plugins\org.eclipse.swt\EBWebView\Default lastActive=null
2026-08-22 08:45:45.706: [INFO] LastUsedProfileDir: C:\Users\santh\pratice\.metadata\.plugins\org.eclipse.swt\EBWebView\Default
2026-08-22 08:45:45.706: [INFO] OnDoneLoading sync enabled: 0
2026-08-22 08:45:45.706: [INFO] BookmarkModelLoaded, ids_reassigned: 0
2026-08-22 08:45:45.706: [INFO] BookmarksLoadDropped droppedNodes=0
2026-08-22 08:45:45.706: [INFO] BookmarksSnapshot Startup total=0 bar=0 other=0 mobile=0 showBar=0 showBarNTP=1
2026-08-22 08:46:14.611: [INFO] BookmarksSnapshot Shutdown total=0 bar=0 other=0 mobile=0 showBar=0 showBarNTP=1
2026-08-24 05:38:23.923: [INFO] CurrentProfilePath: C:\Users\santh\pratice\.metadata\.plugins\org.eclipse.swt\EBWebView\Default
2026-08-24 05:38:23.923: [INFO] Profiles total count: 1
2026-08-24 05:38:23.923: [INFO] Profile: name=Profile 1 path=C:\Users\santh\pratice\.metadata\.plugins\org.eclipse.swt\EBWebView\Default lastActive=2026-08-22T08:45:46.034Z
2026-08-24 05:38:23.923: [INFO] LastUsedProfileDir: C:\Users\santh\pratice\.metadata\.plugins\org.eclipse.swt\EBWebView\Default
2026-08-24 05:38:23.923: [INFO] MostRecentlyActiveProfile: name=Profile 1 path=C:\Users\santh\pratice\.metadata\.plugins\org.eclipse.swt\EBWebView\Default lastActive=2026-08-22T08:45:46.034Z
2026-08-24 05:38:23.923: [INFO] OnDoneLoading sync enabled: 0
2026-08-24 05:38:23.923: [INFO] BookmarkModelLoaded, ids_reassigned: 0
2026-08-24 05:38:23.923: [INFO] BookmarksLoadDropped droppedNodes=0
2026-08-24 05:38:23.923: [INFO] BookmarksSnapshot Startup total=0 bar=0 other=0 mobile=0 showBar=0 showBarNTP=1
2026-08-24 05:38:30.242: [INFO] BookmarksSnapshot Shutdown total=0 bar=0 other=0 mobile=0 showBar=0 showBarNTP=1
2026-08-24 05:45:44.061: [INFO] CurrentProfilePath: C:\Users\santh\pratice\.metadata\.plugins\org.eclipse.swt\EBWebView\Default
2026-08-24 05:45:44.061: [INFO] Profiles total count: 1
2026-08-24 05:45:44.061: [INFO] Profile: name=Profile 1 path=C:\Users\santh\pratice\.metadata\.plugins\org.eclipse.swt\EBWebView\Default lastActive=2026-08-22T08:45:46.034Z
2026-08-24 05:45:44.061: [INFO] LastUsedProfileDir: C:\Users\santh\pratice\.metadata\.plugins\org.eclipse.swt\EBWebView\Default
2026-08-24 05:45:44.061: [INFO] MostRecentlyActiveProfile: name=Profile 1 path=C:\Users\santh\pratice\.metadata\.plugins\org.eclipse.swt\EBWebView\Default lastActive=2026-08-22T08:45:46.034Z
2026-08-24 05:45:44.061: [INFO] OnDoneLoading sync enabled: 0
2026-08-24 05:45:44.061: [INFO] BookmarkModelLoaded, ids_reassigned: 0
2026-08-24 05:45:44.061: [INFO] BookmarksLoadDropped droppedNodes=0
2026-08-24 05:45:44.061: [INFO] BookmarksSnapshot Startup total=0 bar=0 other=0 mobile=0 showBar=0 showBarNTP=1
2026-08-24 06:03:46.953: [INFO] BookmarksSnapshot Shutdown total=0 bar=0 other=0 mobile=0 showBar=0 showBarNTP=1
2026-08-24 06:04:39.879: [INFO] CurrentProfilePath: C:\Users\santh\pratice\.metadata\.plugins\org.eclipse.swt\EBWebView\Default
2026-08-24 06:04:39.879: [INFO] Profiles total count: 1
2026-08-24 06:04:39.879: [INFO] Profile: name=Profile 1 path=C:\Users\santh\pratice\.metadata\.plugins\org.eclipse.swt\EBWebView\Default lastActive=2026-08-22T08:45:46.034Z
2026-08-24 06:04:39.879: [INFO] LastUsedProfileDir: C:\Users\santh\pratice\.metadata\.plugins\org.eclipse.swt\EBWebView\Default
2026-08-24 06:04:39.879: [INFO] MostRecentlyActiveProfile: name=Profile 1 path=C:\Users\santh\pratice\.metadata\.plugins\org.eclipse.swt\EBWebView\Default lastActive=2026-08-22T08:45:46.034Z
2026-08-24 06:04:39.879: [INFO] OnDoneLoading sync enabled: 0
2026-08-24 06:04:39.879: [INFO] BookmarkModelLoaded, ids_reassigned: 0
2026-08-24 06:04:39.879: [INFO] BookmarksLoadDropped droppedNodes=0
2026-08-24 06:04:39.879: [INFO] BookmarksSnapshot Startup total=0 bar=0 other=0 mobile=0 showBar=0 showBarNTP=1
2026-08-24 08:30:44.726: [INFO] BookmarksSnapshot Shutdown total=0 bar=0 other=0 mobile=0 showBar=0 showBarNTP=1
2026-08-24 08:42:12.545: [INFO] CurrentProfilePath: C:\Users\santh\pratice\.metadata\.plugins\org.eclipse.swt\EBWebView\Default
2026-08-24 08:42:12.545: [INFO] Profiles total count: 1
2026-08-24 08:42:12.545: [INFO] Profile: name=Profile 1 path=C:\Users\santh\pratice\.metadata\.plugins\org.eclipse.swt\EBWebView\Default lastActive=2026-08-24T06:04:39.972Z
2026-08-24 08:42:12.545: [INFO] LastUsedProfileDir: C:\Users\santh\pratice\.metadata\.plugins\org.eclipse.swt\EBWebView\Default
2026-08-24 08:42:12.545: [INFO] MostRecentlyActiveProfile: name=Profile 1 path=C:\Users\santh\pratice\.metadata\.plugins\org.eclipse.swt\EBWebView\Default lastActive=2026-08-24T06:04:39.972Z
2026-08-24 08:42:12.545: [INFO] OnDoneLoading sync enabled: 0
2026-08-24 08:42:12.545: [INFO] BookmarkModelLoaded, ids_reassigned: 0
2026-08-24 08:42:12.545: [INFO] BookmarksLoadDropped droppedNodes=0
2026-08-24 08:42:12.545: [INFO] BookmarksSnapshot Startup total=0 bar=0 other=0 mobile=0 showBar=0 showBarNTP=1
2026-08-24 09:33:19.247: [INFO] BookmarksSnapshot Shutdown total=0 bar=0 other=0 mobile=0 showBar=0 showBarNTP=1
2026-08-24 10:26:01.336: [INFO] CurrentProfilePath: C:\Users\santh\pratice\.metadata\.plugins\org.eclipse.swt\EBWebView\Default
2026-08-24 10:26:01.336: [INFO] Profiles total count: 1
2026-08-24 10:26:01.336: [INFO] Profile: name=Profile 1 path=C:\Users\santh\pratice\.metadata\.plugins\org.eclipse.swt\EBWebView\Default lastActive=2026-08-24T06:04:39.972Z
2026-08-24 10:26:01.336: [INFO] LastUsedProfileDir: C:\Users\santh\pratice\.metadata\.plugins\org.eclipse.swt\EBWebView\Default
2026-08-24 10:26:01.336: [INFO] MostRecentlyActiveProfile: name=Profile 1 path=C:\Users\santh\pratice\.metadata\.plugins\org.eclipse.swt\EBWebView\Default lastActive=2026-08-24T06:04:39.972Z
2026-08-24 10:26:01.336: [INFO] OnDoneLoading sync enabled: 0
2026-08-24 10:26:01.336: [INFO] BookmarkModelLoaded, ids_reassigned: 0
2026-08-24 10:26:01.336: [INFO] BookmarksLoadDropped droppedNodes=0
2026-08-24 10:26:01.336: [INFO] BookmarksSnapshot Startup total=0 bar=0 other=0 mobile=0 showBar=0 showBarNTP=1
2026-08-24 10:26:05.008: [INFO] BookmarksSnapshot Shutdown total=0 bar=0 other=0 mobile=0 showBar=0 showBarNTP=1
2026-08-24 10:26:11.996: [INFO] CurrentProfilePath: C:\Users\santh\pratice\.metadata\.plugins\org.eclipse.swt\EBWebView\Default
2026-08-24 10:26:11.996: [INFO] Profiles total count: 1
2026-08-24 10:26:11.996: [INFO] Profile: name=Profile 1 path=C:\Users\santh\pratice\.metadata\.plugins\org.eclipse.swt\EBWebView\Default lastActive=2026-08-24T06:04:39.972Z
2026-08-24 10:26:11.996: [INFO] LastUsedProfileDir: C:\Users\santh\pratice\.metadata\.plugins\org.eclipse.swt\EBWebView\Default
2026-08-24 10:26:11.996: [INFO] MostRecentlyActiveProfile: name=Profile 1 path=C:\Users\santh\pratice\.metadata\.plugins\org.eclipse.swt\EBWebView\Default lastActive=2026-08-24T06:04:39.972Z
2026-08-24 10:26:11.996: [INFO] OnDoneLoading sync enabled: 0
2026-08-24 10:26:11.996: [INFO] BookmarkModelLoaded, ids_reassigned: 0
2026-08-24 10:26:11.996: [INFO] BookmarksLoadDropped droppedNodes=0
2026-08-24 10:26:11.996: [INFO] BookmarksSnapshot Startup total=0 bar=0 other=0 mobile=0 showBar=0 showBarNTP=1
2026-08-24 10:26:15.089: [INFO] BookmarksSnapshot Shutdown total=0 bar=0 other=0 mobile=0 showBar=0 showBarNTP=1
2026-08-24 10:27:57.161: [INFO] CurrentProfilePath: C:\Users\santh\pratice\.metadata\.plugins\org.eclipse.swt\EBWebView\Default
2026-08-24 10:27:57.161: [INFO] Profiles total count: 1
2026-08-24 10:27:57.161: [INFO] Profile: name=Profile 1 path=C:\Users\santh\pratice\.metadata\.plugins\org.eclipse.swt\EBWebView\Default lastActive=2026-08-24T06:04:39.972Z
2026-08-24 10:27:57.161: [INFO] LastUsedProfileDir: C:\Users\santh\pratice\.metadata\.plugins\org.eclipse.swt\EBWebView\Default
2026-08-24 10:27:57.161: [INFO] MostRecentlyActiveProfile: name=Profile 1 path=C:\Users\santh\pratice\.metadata\.plugins\org.eclipse.swt\EBWebView\Default lastActive=2026-08-24T06:04:39.972Z
2026-08-24 10:27:57.161: [INFO] OnDoneLoading sync enabled: 0
2026-08-24 10:27:57.161: [INFO] BookmarkModelLoaded, ids_reassigned: 0
2026-08-24 10:27:57.161: [INFO] BookmarksLoadDropped droppedNodes=0
2026-08-24 10:27:57.161: [INFO] BookmarksSnapshot Startup total=0 bar=0 other=0 mobile=0 showBar=0 showBarNTP=1
2026-08-25 16:53:06.442: [INFO] CurrentProfilePath: C:\Users\santh\pratice\.metadata\.plugins\org.eclipse.swt\EBWebView\Default
2026-08-25 16:53:06.442: [INFO] Profiles total count: 1
2026-08-25 16:53:06.442: [INFO] Profile: name=Profile 1 path=C:\Users\santh\pratice\.metadata\.plugins\org.eclipse.swt\EBWebView\Default lastActive=2026-08-24T06:04:39.972Z
2026-08-25 16:53:06.442: [INFO] LastUsedProfileDir: C:\Users\santh\pratice\.metadata\.plugins\org.eclipse.swt\EBWebView\Default
2026-08-25 16:53:06.442: [INFO] MostRecentlyActiveProfile: name=Profile 1 path=C:\Users\santh\pratice\.metadata\.plugins\org.eclipse.swt\EBWebView\Default lastActive=2026-08-24T06:04:39.972Z
2026-08-25 16:53:06.442: [INFO] OnDoneLoading sync enabled: 0
2026-08-25 16:53:06.442: [INFO] BookmarkModelLoaded, ids_reassigned: 0
2026-08-25 16:53:06.442: [INFO] BookmarksLoadDropped droppedNodes=0
2026-08-25 16:53:06.442: [INFO] BookmarksSnapshot Startup total=0 bar=0 other=0 mobile=0 showBar=0 showBarNTP=1
2026-08-25 16:53:41.657: [INFO] BookmarksSnapshot Shutdown total=0 bar=0 other=0 mobile=0 showBar=0 showBarNTP=1
2026-08-27 05:44:00.389: [INFO] CurrentProfilePath: C:\Users\santh\pratice\.metadata\.plugins\org.eclipse.swt\EBWebView\Default
2026-08-27 05:44:00.390: [INFO] Profiles total count: 1
2026-08-27 05:44:00.391: [INFO] Profile: name=Profile 1 path=C:\Users\santh\pratice\.metadata\.plugins\org.eclipse.swt\EBWebView\Default lastActive=2026-08-24T06:04:39.972Z
2026-08-27 05:44:00.391: [INFO] LastUsedProfileDir: C:\Users\santh\pratice\.metadata\.plugins\org.eclipse.swt\EBWebView\Default
2026-08-27 05:44:00.391: [INFO] MostRecentlyActiveProfile: name=Profile 1 path=C:\Users\santh\pratice\.metadata\.plugins\org.eclipse.swt\EBWebView\Default lastActive=2026-08-24T06:04:39.972Z
2026-08-27 05:44:00.391: [INFO] OnDoneLoading sync enabled: 0
2026-08-27 05:44:00.391: [INFO] BookmarkModelLoaded, ids_reassigned: 0
2026-08-27 05:44:00.391: [INFO] BookmarksLoadDropped droppedNodes=0
2026-08-27 05:44:00.391: [INFO] BookmarksSnapshot Startup total=0 bar=0 other=0 mobile=0 showBar=0 showBarNTP=1
2026-08-27 05:44:03.335: [INFO] BookmarksSnapshot Shutdown total=0 bar=0 other=0 mobile=0 showBar=0 showBarNTP=1
2026-08-27 05:45:08.715: [INFO] CurrentProfilePath: C:\Users\santh\pratice\.metadata\.plugins\org.eclipse.swt\EBWebView\Default
2026-08-27 05:45:08.715: [INFO] Profiles total count: 1
2026-08-27 05:45:08.715: [INFO] Profile: name=Profile 1 path=C:\Users\santh\pratice\.metadata\.plugins\org.eclipse.swt\EBWebView\Default lastActive=2026-08-24T06:04:39.972Z
2026-08-27 05:45:08.715: [INFO] LastUsedProfileDir: C:\Users\santh\pratice\.metadata\.plugins\org.eclipse.swt\EBWebView\Default
2026-08-27 05:45:08.715: [INFO] MostRecentlyActiveProfile: name=Profile 1 path=C:\Users\santh\pratice\.metadata\.plugins\org.eclipse.swt\EBWebView\Default lastActive=2026-08-24T06:04:39.972Z
2026-08-27 05:45:08.715: [INFO] OnDoneLoading sync enabled: 0
2026-08-27 05:45:08.715: [INFO] BookmarkModelLoaded, ids_reassigned: 0
2026-08-27 05:45:08.715: [INFO] BookmarksLoadDropped droppedNodes=0
2026-08-27 05:45:08.715: [INFO] BookmarksSnapshot Startup total=0 bar=0 other=0 mobile=0 showBar=0 showBarNTP=1
2026-08-27 05:45:40.884: [INFO] BookmarksSnapshot Shutdown total=0 bar=0 other=0 mobile=0 showBar=0 showBarNTP=1
2026-08-27 05:46:02.282: [INFO] CurrentProfilePath: C:\Users\santh\pratice\.metadata\.plugins\org.eclipse.swt\EBWebView\Default
2026-08-27 05:46:02.282: [INFO] Profiles total count: 1
2026-08-27 05:46:02.282: [INFO] Profile: name=Profile 1 path=C:\Users\santh\pratice\.metadata\.plugins\org.eclipse.swt\EBWebView\Default lastActive=2026-08-24T06:04:39.972Z
2026-08-27 05:46:02.282: [INFO] LastUsedProfileDir: C:\Users\santh\pratice\.metadata\.plugins\org.eclipse.swt\EBWebView\Default
2026-08-27 05:46:02.282: [INFO] MostRecentlyActiveProfile: name=Profile 1 path=C:\Users\santh\pratice\.metadata\.plugins\org.eclipse.swt\EBWebView\Default lastActive=2026-08-24T06:04:39.972Z
2026-08-27 05:46:02.282: [INFO] OnDoneLoading sync enabled: 0
2026-08-27 05:46:02.282: [INFO] BookmarkModelLoaded, ids_reassigned: 0
2026-08-27 05:46:02.282: [INFO] BookmarksLoadDropped droppedNodes=0
2026-08-27 05:46:02.282: [INFO] BookmarksSnapshot Startup total=0 bar=0 other=0 mobile=0 showBar=0 showBarNTP=1
2026-08-27 05:46:13.671: [INFO] BookmarksSnapshot Shutdown total=0 bar=0 other=0 mobile=0 showBar=0 showBarNTP=1
2026-08-27 05:48:12.428: [INFO] CurrentProfilePath: C:\Users\santh\pratice\.metadata\.plugins\org.eclipse.swt\EBWebView\Default
2026-08-27 05:48:12.428: [INFO] Profiles total count: 1
2026-08-27 05:48:12.428: [INFO] Profile: name=Profile 1 path=C:\Users\santh\pratice\.metadata\.plugins\org.eclipse.swt\EBWebView\Default lastActive=2026-08-24T06:04:39.972Z
2026-08-27 05:48:12.428: [INFO] LastUsedProfileDir: C:\Users\santh\pratice\.metadata\.plugins\org.eclipse.swt\EBWebView\Default
2026-08-27 05:48:12.428: [INFO] MostRecentlyActiveProfile: name=Profile 1 path=C:\Users\santh\pratice\.metadata\.plugins\org.eclipse.swt\EBWebView\Default lastActive=2026-08-24T06:04:39.972Z
2026-08-27 05:48:12.428: [INFO] OnDoneLoading sync enabled: 0
2026-08-27 05:48:12.428: [INFO] BookmarkModelLoaded, ids_reassigned: 0
2026-08-27 05:48:12.428: [INFO] BookmarksLoadDropped droppedNodes=0
2026-08-27 05:48:12.428: [INFO] BookmarksSnapshot Startup total=0 bar=0 other=0 mobile=0 showBar=0 showBarNTP=1
2026-08-27 05:48:16.096: [INFO] BookmarksSnapshot Shutdown total=0 bar=0 other=0 mobile=0 showBar=0 showBarNTP=1
2026-08-27 05:49:44.854: [INFO] CurrentProfilePath: C:\Users\santh\pratice\.metadata\.plugins\org.eclipse.swt\EBWebView\Default
2026-08-27 05:49:44.854: [INFO] Profiles total count: 1
2026-08-27 05:49:44.854: [INFO] Profile: name=Profile 1 path=C:\Users\santh\pratice\.metadata\.plugins\org.eclipse.swt\EBWebView\Default lastActive=2026-08-24T06:04:39.972Z
2026-08-27 05:49:44.854: [INFO] LastUsedProfileDir: C:\Users\santh\pratice\.metadata\.plugins\org.eclipse.swt\EBWebView\Default
2026-08-27 05:49:44.854: [INFO] MostRecentlyActiveProfile: name=Profile 1 path=C:\Users\santh\pratice\.metadata\.plugins\org.eclipse.swt\EBWebView\Default lastActive=2026-08-24T06:04:39.972Z
2026-08-27 05:49:44.854: [INFO] OnDoneLoading sync enabled: 0
2026-08-27 05:49:44.854: [INFO] BookmarkModelLoaded, ids_reassigned: 0
2026-08-27 05:49:44.854: [INFO] BookmarksLoadDropped droppedNodes=0
2026-08-27 05:49:44.854: [INFO] BookmarksSnapshot Startup total=0 bar=0 other=0 mobile=0 showBar=0 showBarNTP=1
2026-08-27 16:29:42.516: [INFO] BookmarksSnapshot Shutdown total=0 bar=0 other=0 mobile=0 showBar=0 showBarNTP=1
